# serializer version: 1
# name: test_entities[easycontrol_ct200]
  dict({
    '-1dhw1': dict({
      'attributes': dict({
        'bosch_state': 'on',
        'current_temperature': 57.2,
        'max_temp': 80.0,
        'min_temp': 10.0,
        'operation_list': list([
          'off',
          'high_demand',
          'performance',
          'eco',
        ]),
        'operation_mode': 'high_demand',
        'setpoint': 'high',
        'supported_features': 3,
        'switchPoint': 'pg1',
        'target_temp_step': 1,
        'temperature': 0.0,
      }),
      'domain': 'water_heater',
      'state': 'high_demand',
    }),
    '-1zn1': dict({
      'attributes': dict({
        'bosch_state': 'heat request',
        'current_temperature': 28.5,
        'hvac_action': 'heating',
        'hvac_modes': list([
          'heat',
          'auto',
        ]),
        'low_battery': False,
        'max_temp': 30.0,
        'min_temp': 5.0,
        'setpoint': 'manual',
        'supported_features': 1,
        'temperature': 15.0,
      }),
      'domain': 'climate',
      'state': 'heat',
    }),
    'EnergyCH-1': dict({
      'attributes': dict({
        'device_class': 'energy',
        'last_reset': '2026-09-21T00:00:00+02:00',
        'path': '/energy/history',
        'stateExtra': dict({
          'T': 11.6,
          'd': '21-09-2026',
          'gCh': 129.17,
          'gHw': 106.82,
        }),
        'state_class': 'total',
        'unit_of_measurement': 'kWh',
        'value': dict({
          'T': 11.6,
          'd': '21-09-2026',
          'gCh': 129.17,
          'gHw': 106.82,
        }),
      }),
      'domain': 'sensor',
      'state': '129.17',
    }),
    'EnergyHW-1': dict({
      'attributes': dict({
        'device_class': 'energy',
        'last_reset': '2026-09-21T00:00:00+02:00',
        'path': '/energy/history',
        'stateExtra': dict({
          'T': 11.6,
          'd': '21-09-2026',
          'gCh': 129.17,
          'gHw': 106.82,
        }),
        'state_class': 'total',
        'unit_of_measurement': 'kWh',
        'value': dict({
          'T': 11.6,
          'd': '21-09-2026',
          'gCh': 129.17,
          'gHw': 106.82,
        }),
      }),
      'domain': 'sensor',
      'state': '106.82',
    }),
    'EnergyT-1': dict({
      'attributes': dict({
        'device_class': 'temperature',
        'path': '/energy/history',
        'stateExtra': dict({
          'T': 11.6,
          'd': '21-09-2026',
          'gCh': 129.17,
          'gHw': 106.82,
        }),
        'state_class': 'measurement',
        'unit_of_measurement': '°C',
        'value': dict({
          'T': 11.6,
          'd': '21-09-2026',
          'gCh': 129.17,
          'gHw': 106.82,
        }),
      }),
      'domain': 'sensor',
      'state': '11.6',
    }),
    'SensorsActual heating pump modulation-1': dict({
      'attributes': dict({
        'maxValue': 100.0,
        'minValue': 0.0,
        'path': '/heatSources/CHpumpModulation',
        'stateExtra': 83.0,
        'stepSize': 1.0,
        'unitOfMeasure': '%',
        'unit_of_measurement': '%',
        'used': 'true',
        'value': 83.0,
        'writeable': 0,
      }),
      'domain': 'sensor',
      'state': '83.0',
    }),
    'SensorsActual modulation-1': dict({
      'attributes': dict({
        'maxValue': 100.0,
        'minValue': 0.0,
        'path': '/heatSources/actualModulation',
        'stateExtra': 0.0,
        'stepSize': 1.0,
        'unitOfMeasure': '%',
        'unit_of_measurement': '%',
        'used': 'true',
        'value': 0.0,
        'writeable': 0,
      }),
      'domain': 'sensor',
      'state': '0.0',
    }),
    'SensorsActual supply temperature-1': dict({
      'attributes': dict({
        'maxValue': 90.0,
        'minValue': 0.0,
        'path': '/heatSources/actualSupplyTemperature',
        'stateExtra': 61.9,
        'stepSize': 1.0,
        'unitOfMeasure': 'C',
        'unit_of_measurement': '°C',
        'used': 'true',
        'value': 61.9,
        'writeable': 0,
      }),
      'domain': 'sensor',
      'state': '61.9',
    }),
    'SensorsIndoor PCB temp-1': dict({
      'attributes': dict({
        'device_class': 'temperature',
        'maxValue': 90.0,
        'minValue': 0.0,
        'path': '/system/sensors/temperatures/indoorPCB',
        'stateExtra': 39.1,
        'state_class': 'measurement',
        'stepSize': 1.0,
        'unitOfMeasure': 'C',
        'unit_of_measurement': '°C',
        'value': 39.1,
        'writeable': 0,
      }),
      'domain': 'sensor',
      'state': '39.1',
    }),
    'SensorsIndoor Temperature-1': dict({
      'attributes': dict({
        'device_class': 'temperature',
        'maxValue': 90.0,
        'minValue': 0.0,
        'path': '/system/sensors/temperatures/indoorAirDigital',
        'stateExtra': 31.9,
        'state_class': 'measurement',
        'stepSize': 1.0,
        'unitOfMeasure': 'C',
        'unit_of_measurement': '°C',
        'value': 31.9,
        'writeable': 0,
      }),
      'domain': 'sensor',
      'state': '31.9',
    }),
    'SensorsIndoor chip temp-1': dict({
      'attributes': dict({
        'device_class': 'temperature',
        'maxValue': 90.0,
        'minValue': 0.0,
        'path': '/system/sensors/temperatures/indoorChip',
        'stateExtra': 43.0,
        'state_class': 'measurement',
        'stepSize': 1.0,
        'unitOfMeasure': 'C',
        'unit_of_measurement': '°C',
        'value': 43.0,
        'writeable': 0,
      }),
      'domain': 'sensor',
      'state': '43.0',
    }),
    'SensorsIndoor humidity-1': dict({
      'attributes': dict({
        'device_class': 'humidity',
        'maxValue': 100.0,
        'minValue': 0.0,
        'path': '/system/sensors/humidity/indoor_h1',
        'stateExtra': 33.1,
        'state_class': 'measurement',
        'stepSize': 1.0,
        'unitOfMeasure': '%',
        'unit_of_measurement': '%',
        'value': 33.1,
        'writeable': 0,
      }),
      'domain': 'sensor',
      'state': '33.1',
    }),
    'SensorsNotifications-1': dict({
      'attributes': dict({
        'path': '/notifications',
        'stateExtra': 'No notifications',
        'value': 'No notifications',
      }),
      'domain': 'sensor',
      'state': 'No notifications',
    }),
    'SensorsNumber of starts-1': dict({
      'attributes': dict({
        'maxValue': 16777215.0,
        'minValue': 0.0,
        'path': '/heatSources/numberOfStarts',
        'stateExtra': 211523.0,
        'stepSize': 1.0,
        'unitOfMeasure': '',
        'used': 'true',
        'value': 211523.0,
        'writeable': 0,
      }),
      'domain': 'sensor',
      'state': '211523.0',
    }),
    'SensorsOutdoor temperature-1': dict({
      'attributes': dict({
        'device_class': 'temperature',
        'maxValue': 50.0,
        'minValue': -25.0,
        'path': '/system/sensors/temperatures/outdoor_t1',
        'stateExtra': 8.0,
        'state_class': 'measurement',
        'status': 'ok',
        'stepSize': 1.0,
        'unitOfMeasure': 'C',
        'unit_of_measurement': '°C',
        'value': 8.0,
        'writeable': 0,
      }),
      'domain': 'sensor',
      'state': '8.0',
    }),
    'SensorsRefill needed11-1': dict({
      'attributes': dict({
        'path': '/heatSources/refillNeeded',
        'stateExtra': 'false',
        'used': 'true',
        'value': 'false',
        'writeable': 0,
      }),
      'domain': 'sensor',
      'state': 'false',
    }),
    'SensorsReturn temperature-1': dict({
      'attributes': dict({
        'maxValue': 3276.0,
        'minValue': -3276.0,
        'path': '/heatSources/returnTemperature',
        'stateExtra': 60.7,
        'stepSize': 0.1,
        'unitOfMeasure': 'C',
        'unit_of_measurement': '°C',
        'used': 'true',
        'value': 60.7,
        'writeable': 0,
      }),
      'domain': 'sensor',
      'state': '60.7',
    }),
    'SensorsSystem pressure-1': dict({
      'attributes': dict({
        'maxValue': 25.0,
        'minValue': 0.0,
        'path': '/system/appliance/systemPressure',
        'stateExtra': 2.8,
        'stepSize': 0.1,
        'unitOfMeasure': 'bar',
        'unit_of_measurement': 'bar',
        'used': 'true',
        'value': 2.8,
        'writeable': 0,
      }),
      'domain': 'sensor',
      'state': '2.8',
    }),
    'SensorsTotal working time-1': dict({
      'attributes': dict({
        'device_class': 'duration',
        'maxValue': 16777215.0,
        'minValue': 0.0,
        'path': '/heatSources/workingTime/totalSystem',
        'stateExtra': 1885660.0,
        'stepSize': 1.0,
        'unitOfMeasure': 'mins',
        'unit_of_measurement': 'h',
        'used': 'true',
        'value': 1885660.0,
        'writeable': 0,
      }),
      'domain': 'sensor',
      'state': '31427.6666666667',
    }),
    'SensorsautoAwayEnabled-1': dict({
      'attributes': dict({
        'stateExtra': 'Waiting to fetch data',
        'value': 'false',
        'writeable': 1,
      }),
      'domain': 'binary_sensor',
      'state': 'off',
    }),
    'SensorsmaintenanceRequest-1': dict({
      'attributes': dict({
        'stateExtra': 'Waiting to fetch data',
        'used': 'true',
        'value': 'false',
        'writeable': 0,
      }),
      'domain': 'binary_sensor',
      'state': 'off',
    }),
    'SwitchesAway mode temp-1': dict({
      'attributes': dict({
        'max': 30.0,
        'min': 5.0,
        'mode': 'box',
        'step': 0.5,
        'unit_of_measurement': '°C',
      }),
      'domain': 'number',
      'state': '15.0',
    }),
    'SwitchesAway mode-1': dict({
      'attributes': dict({
      }),
      'domain': 'switch',
      'state': 'off',
    }),
    'SwitcheshydraulicBalancing-1': dict({
      'attributes': dict({
      }),
      'domain': 'switch',
      'state': 'off',
    }),
    'Zone 1zn1Next setpoint-1': dict({
      'attributes': dict({
        'maxValue': 30.0,
        'minValue': 0.0,
        'path': '/zones/zn1/nextSetpoint',
        'stateExtra': 0.0,
        'stepSize': 0.5,
        'unitOfMeasure': 'C',
        'unit_of_measurement': '°C',
        'used': 'false',
        'value': 0.0,
        'writeable': 0,
      }),
      'domain': 'sensor',
      'state': '0.0',
    }),
    'Zone 1zn1Valve position-1': dict({
      'attributes': dict({
        'maxValue': 100.0,
        'minValue': 0.0,
        'path': '/zones/zn1/actualValvePosition',
        'stateExtra': 0.0,
        'stepSize': 1.0,
        'unitOfMeasure': '%',
        'unit_of_measurement': '%',
        'used': 'false',
        'value': 0.0,
        'writeable': 0,
      }),
      'domain': 'sensor',
      'state': '0.0',
    }),
    'Zone 1zn1humidity-1': dict({
      'attributes': dict({
        'device_class': 'humidity',
        'maxValue': 100.0,
        'minValue': 0.0,
        'path': '/zones/zn1/humidity',
        'stateExtra': 32.0,
        'state_class': 'measurement',
        'stepSize': 1.0,
        'unitOfMeasure': '%',
        'unit_of_measurement': '%',
        'used': 'true',
        'value': 32.0,
        'writeable': 0,
      }),
      'domain': 'sensor',
      'state': '32.0',
    }),
    'Zone 1zn1openWindowDetection Status-1': dict({
      'attributes': dict({
        'path': '/zones/zn1/openWindowDetection/status',
        'stateExtra': 'closed',
        'used': 'false',
        'value': 'closed',
        'writeable': 0,
      }),
      'domain': 'sensor',
      'state': 'closed',
    }),
    'Zone 1zn1optimumStartHeatupRate-1': dict({
      'attributes': dict({
        'maxValue': 1.0,
        'minValue': 0.0,
        'path': '/zones/zn1/optimumStartHeatupRate',
        'stateExtra': 1200.0,
        'stepSize': 1e-06,
        'unitOfMeasure': 's/K',
        'value': 1200.0,
        'writeable': 0,
      }),
      'domain': 'sensor',
      'state': '1200.0',
    }),
    'Zone 1zn1timeToNextSetpoint-1': dict({
      'attributes': dict({
        'maxValue': 1440.0,
        'minValue': 0.0,
        'path': '/zones/zn1/timeToNextSetpoint',
        'stateExtra': 0.0,
        'stepSize': 1.0,
        'unitOfMeasure': 'mins',
        'unit_of_measurement': 'mins',
        'used': 'false',
        'value': 0.0,
        'writeable': 0,
      }),
      'domain': 'sensor',
      'state': '0.0',
    }),
    'dhw1dhw1hotWaterSystem-1': dict({
      'attributes': dict({
        'path': '/dhwCircuits/dhw1/hotWaterSystem',
        'stateExtra': 'tank',
        'used': 'true',
        'value': 'tank',
        'writeable': 0,
      }),
      'domain': 'sensor',
      'state': 'tank',
    }),
    'dhw1dhw1thermalDisinfect lastResult-1': dict({
      'attributes': dict({
        'path': '/dhwCircuits/dhw1/thermalDisinfect/lastResult',
        'stateExtra': 'done',
        'value': 'done',
        'writeable': 0,
      }),
      'domain': 'sensor',
      'state': 'done',
    }),
    'dhw1dhw1thermalDisinfect state-1': dict({
      'attributes': dict({
        'path': '/dhwCircuits/dhw1/thermalDisinfect/state',
        'stateExtra': 'off',
        'used': 'true',
        'value': 'off',
        'writeable': 1,
      }),
      'domain': 'sensor',
      'state': 'off',
    }),
    'dhw1dhw1thermalDisinfect weekDay-1': dict({
      'attributes': dict({
        'path': '/dhwCircuits/dhw1/thermalDisinfect/weekDay',
        'stateExtra': 'Su',
        'value': 'Su',
        'writeable': 1,
      }),
      'domain': 'sensor',
      'state': 'Su',
    }),
    'dhw1thermalDisinfect time-1': dict({
      'attributes': dict({
        'max': 1439.0,
        'min': 0.0,
        'mode': 'box',
        'step': 1.0,
        'unit_of_measurement': 'mins',
      }),
      'domain': 'number',
      'state': '60.0',
    }),
    'hc1Boost duration-1': dict({
      'attributes': dict({
        'max': 8.0,
        'min': 1.0,
        'mode': 'box',
        'step': 1.0,
        'unit_of_measurement': 'hour',
      }),
      'domain': 'number',
      'state': '1.0',
    }),
    'hc1Boost temperature-1': dict({
      'attributes': dict({
        'max': 30.0,
        'min': 5.0,
        'mode': 'box',
        'step': 0.5,
        'unit_of_measurement': '°C',
      }),
      'domain': 'number',
      'state': '25.0',
    }),
    'hc1Boost-1': dict({
      'attributes': dict({
      }),
      'domain': 'switch',
      'state': 'off',
    }),
    'hc1hc1Boost remaining time-1': dict({
      'attributes': dict({
        'maxValue': 480.0,
        'minValue': 0.0,
        'path': '/heatingCircuits/hc1/boostRemainingTime',
        'stateExtra': 0.0,
        'stepSize': 1.0,
        'unitOfMeasure': 'mins',
        'unit_of_measurement': 'mins',
        'used': 'false',
        'value': 0.0,
        'writeable': 0,
      }),
      'domain': 'sensor',
      'state': '0.0',
    }),
    'hc1hc1Supply Temperature Setpoint-1': dict({
      'attributes': dict({
        'maxValue': 90.0,
        'minValue': 5.0,
        'path': '/heatingCircuits/hc1/supplyTemperatureSetpoint',
        'stateExtra': 60.0,
        'stepSize': 1.0,
        'unitOfMeasure': 'C',
        'unit_of_measurement': '°C',
        'used': 'true',
        'value': 60.0,
        'writeable': 0,
      }),
      'domain': 'sensor',
      'state': '60.0',
    }),
    'sc1sc1collectorTemperature-1': dict({
      'attributes': dict({
        'device_class': 'temperature',
        'maxValue': 3276.0,
        'minValue': -3276.0,
        'path': '/solarCircuits/sc1/collectorTemperature',
        'stateExtra': 0.0,
        'state_class': 'measurement',
        'stepSize': 0.1,
        'unitOfMeasure': 'C',
        'unit_of_measurement': '°C',
        'used': 'false',
        'value': 0.0,
        'writeable': 0,
      }),
      'domain': 'sensor',
      'state': '0.0',
    }),
    'sc1sc1dhwTankTemperature-1': dict({
      'attributes': dict({
        'device_class': 'temperature',
        'maxValue': 3276.0,
        'minValue': -3276.0,
        'path': '/solarCircuits/sc1/dhwTankBottomTemperature',
        'stateExtra': 0.0,
        'state_class': 'measurement',
        'stepSize': 0.1,
        'unitOfMeasure': 'C',
        'unit_of_measurement': '°C',
        'used': 'false',
        'value': 0.0,
        'writeable': 0,
      }),
      'domain': 'sensor',
      'state': '0.0',
    }),
    'sc1sc1pumpModulation-1': dict({
      'attributes': dict({
        'maxValue': 100.0,
        'minValue': 0.0,
        'path': '/solarCircuits/sc1/pumpModulation',
        'stateExtra': 0.0,
        'stepSize': 1.0,
        'unitOfMeasure': '%',
        'unit_of_measurement': '%',
        'used': 'false',
        'value': 0.0,
        'writeable': 0,
      }),
      'domain': 'sensor',
      'state': '0.0',
    }),
    'sc1sc1totalSolarGain-1': dict({
      'attributes': dict({
        'device_class': 'energy',
        'maxValue': 429496704.0,
        'minValue': 0.0,
        'path': '/solarCircuits/sc1/totalSolarGain',
        'stateExtra': 0.0,
        'state_class': 'total',
        'stepSize': 0.1,
        'unitOfMeasure': 'kWh',
        'unit_of_measurement': 'kWh',
        'used': 'false',
        'value': 0.0,
        'writeable': 0,
      }),
      'domain': 'sensor',
      'state': '0.0',
    }),
  })
# ---
